============================= test session starts =============================
platform win32 -- Python 3.10.0, pytest-9.0.3, pluggy-1.6.0 -- C:\Users\NEW USER\OneDrive\Desktop\Projects\hustle\backend\.venv\Scripts\python.exe
cachedir: .pytest_cache
rootdir: C:\Users\NEW USER\OneDrive\Desktop\Projects\hustle\backend
configfile: pytest.ini
plugins: anyio-4.13.0, asyncio-1.3.0
asyncio: mode=auto, debug=False, asyncio_default_fixture_loop_scope=None, asyncio_default_test_loop_scope=function
collecting ... collected 87 items / 1 error

=================================== ERRORS ====================================
__________________ ERROR collecting tests/test_endpoints.py ___________________
E   AttributeError: 'WorkerResponse' object has no attribute 'years_experience'
------------------------------- Captured stdout -------------------------------
ROOT {'message': 'Hustle Backend is running.'}
LIVE 200 {'status': 'alive'}
READY 200 {'status': 'ready', 'database': 'connected'}
PREDICT {'detail': 'Not Found'}
------------------------------- Captured stderr -------------------------------
2026-05-15 17:45:48,100 [INFO] app.db.init_db: ORM model metadata validated against the database.
2026-05-15 17:45:48,178 [INFO] app.core.middleware: GET / 200 20.55ms
2026-05-15 17:45:48,182 [INFO] httpx: HTTP Request: GET http://testserver/ "HTTP/1.1 200 OK"
2026-05-15 17:45:48,247 [INFO] app.core.middleware: GET /health/live 200 17.26ms
2026-05-15 17:45:48,249 [INFO] httpx: HTTP Request: GET http://testserver/health/live "HTTP/1.1 200 OK"
2026-05-15 17:45:48,334 [INFO] app.core.middleware: GET /health/live 200 21.24ms
2026-05-15 17:45:48,338 [INFO] httpx: HTTP Request: GET http://testserver/health/live "HTTP/1.1 200 OK"
2026-05-15 17:45:48,437 [INFO] app.core.middleware: GET /health/ready 200 21.38ms
2026-05-15 17:45:48,443 [INFO] httpx: HTTP Request: GET http://testserver/health/ready "HTTP/1.1 200 OK"
2026-05-15 17:45:48,484 [INFO] app.core.middleware: GET /health/ready 200 6.47ms
2026-05-15 17:45:48,498 [INFO] httpx: HTTP Request: GET http://testserver/health/ready "HTTP/1.1 200 OK"
2026-05-15 17:45:48,519 [INFO] app.core.middleware: POST /api/v1/predict 404 1.12ms
2026-05-15 17:45:48,528 [INFO] httpx: HTTP Request: POST http://testserver/api/v1/predict "HTTP/1.1 404 Not Found"
2026-05-15 17:45:48,550 [INFO] app.api.v1.endpoints.match: Matching job=1 against 2 workers
2026-05-15 17:45:48,550 [WARNING] app.ml.inference.acceptance_predictor: Acceptance model not found at C:\Users\NEW USER\OneDrive\Desktop\Projects\hustle\backend\app\ml\models\acceptance_model.joblib, using fallback
2026-05-15 17:45:48,550 [ERROR] app.ml.calibration: Failed to load Platt scaler: [Errno 2] No such file or directory: 'C:\\Users\\NEW USER\\OneDrive\\Desktop\\Projects\\hustle\\backend\\app\\ml\\models\\acceptance_calibration.joblib'
2026-05-15 17:45:48,552 [WARNING] app.ml.inference.risk_predictor: Risk model not found at C:\Users\NEW USER\OneDrive\Desktop\Projects\hustle\backend\app\ml\models\risk_model.joblib, using fallback
2026-05-15 17:45:48,552 [ERROR] app.ml.calibration: Failed to load Platt scaler: [Errno 2] No such file or directory: 'C:\\Users\\NEW USER\\OneDrive\\Desktop\\Projects\\hustle\\backend\\app\\ml\\models\\risk_calibration.joblib'
2026-05-15 17:45:48,552 [ERROR] app.main: Unhandled exception: 'WorkerResponse' object has no attribute 'years_experience'
Traceback (most recent call last):
  File "C:\Users\NEW USER\OneDrive\Desktop\Projects\hustle\backend\.venv\lib\site-packages\starlette\middleware\errors.py", line 164, in __call__
    await self.app(scope, receive, _send)
  File "C:\Users\NEW USER\OneDrive\Desktop\Projects\hustle\backend\.venv\lib\site-packages\starlette\middleware\base.py", line 191, in __call__
    with recv_stream, send_stream, collapse_excgroups():
  File "C:\Users\NEW USER\AppData\Local\Programs\Python\Python310\lib\contextlib.py", line 153, in __exit__
    self.gen.throw(typ, value, traceback)
  File "C:\Users\NEW USER\OneDrive\Desktop\Projects\hustle\backend\.venv\lib\site-packages\starlette\_utils.py", line 87, in collapse_excgroups
    raise exc
  File "C:\Users\NEW USER\OneDrive\Desktop\Projects\hustle\backend\.venv\lib\site-packages\starlette\middleware\base.py", line 193, in __call__
    response = await self.dispatch_func(request, call_next)
  File "C:\Users\NEW USER\OneDrive\Desktop\Projects\hustle\backend\app\main.py", line 48, in log_requests
    return await request_timing_middleware(request, call_next)
  File "C:\Users\NEW USER\OneDrive\Desktop\Projects\hustle\backend\app\core\middleware.py", line 10, in request_timing_middleware
    response = await call_next(request)
  File "C:\Users\NEW USER\OneDrive\Desktop\Projects\hustle\backend\.venv\lib\site-packages\starlette\middleware\base.py", line 168, in call_next
    raise app_exc from app_exc.__cause__ or app_exc.__context__
  File "C:\Users\NEW USER\OneDrive\Desktop\Projects\hustle\backend\.venv\lib\site-packages\starlette\middleware\base.py", line 144, in coro
    await self.app(scope, receive_or_disconnect, send_no_error)
  File "C:\Users\NEW USER\OneDrive\Desktop\Projects\hustle\backend\.venv\lib\site-packages\starlette\middleware\cors.py", line 87, in __call__
    await self.app(scope, receive, send)
  File "C:\Users\NEW USER\OneDrive\Desktop\Projects\hustle\backend\.venv\lib\site-packages\starlette\middleware\exceptions.py", line 63, in __call__
    await wrap_app_handling_exceptions(self.app, conn)(scope, receive, send)
  File "C:\Users\NEW USER\OneDrive\Desktop\Projects\hustle\backend\.venv\lib\site-packages\starlette\_exception_handler.py", line 53, in wrapped_app
    raise exc
  File "C:\Users\NEW USER\OneDrive\Desktop\Projects\hustle\backend\.venv\lib\site-packages\starlette\_exception_handler.py", line 42, in wrapped_app
    await app(scope, receive, sender)
  File "C:\Users\NEW USER\OneDrive\Desktop\Projects\hustle\backend\.venv\lib\site-packages\fastapi\middleware\asyncexitstack.py", line 18, in __call__
    await self.app(scope, receive, send)
  File "C:\Users\NEW USER\OneDrive\Desktop\Projects\hustle\backend\.venv\lib\site-packages\starlette\routing.py", line 716, in __call__
    await self.middleware_stack(scope, receive, send)
  File "C:\Users\NEW USER\OneDrive\Desktop\Projects\hustle\backend\.venv\lib\site-packages\starlette\routing.py", line 736, in app
    await route.handle(scope, receive, send)
  File "C:\Users\NEW USER\OneDrive\Desktop\Projects\hustle\backend\.venv\lib\site-packages\starlette\routing.py", line 290, in handle
    await self.app(scope, receive, send)
  File "C:\Users\NEW USER\OneDrive\Desktop\Projects\hustle\backend\.venv\lib\site-packages\fastapi\routing.py", line 134, in app
    await wrap_app_handling_exceptions(app, request)(scope, receive, send)
  File "C:\Users\NEW USER\OneDrive\Desktop\Projects\hustle\backend\.venv\lib\site-packages\starlette\_exception_handler.py", line 53, in wrapped_app
    raise exc
  File "C:\Users\NEW USER\OneDrive\Desktop\Projects\hustle\backend\.venv\lib\site-packages\starlette\_exception_handler.py", line 42, in wrapped_app
    await app(scope, receive, sender)
  File "C:\Users\NEW USER\OneDrive\Desktop\Projects\hustle\backend\.venv\lib\site-packages\fastapi\routing.py", line 120, in app
    response = await f(request)
  File "C:\Users\NEW USER\OneDrive\Desktop\Projects\hustle\backend\.venv\lib\site-packages\fastapi\routing.py", line 674, in app
    raw_response = await run_endpoint_function(
  File "C:\Users\NEW USER\OneDrive\Desktop\Projects\hustle\backend\.venv\lib\site-packages\fastapi\routing.py", line 328, in run_endpoint_function
    return await dependant.call(**values)
  File "C:\Users\NEW USER\OneDrive\Desktop\Projects\hustle\backend\app\api\v1\endpoints\match.py", line 50, in match
    ranked = rank_candidates(payload.job, payload.workers)
  File "C:\Users\NEW USER\OneDrive\Desktop\Projects\hustle\backend\app\services\matching_engine.py", line 134, in rank_candidates
    rule_score = calculate_simple_score(job, worker)
  File "C:\Users\NEW USER\OneDrive\Desktop\Projects\hustle\backend\app\services\matching_engine.py", line 102, in calculate_simple_score
    if worker.years_experience and worker.years_experience >= 2:
  File "C:\Users\NEW USER\OneDrive\Desktop\Projects\hustle\backend\.venv\lib\site-packages\pydantic\main.py", line 1042, in __getattr__
    raise AttributeError(f'{type(self).__name__!r} object has no attribute {item!r}')
AttributeError: 'WorkerResponse' object has no attribute 'years_experience'
=========================== short test summary info ===========================
ERROR tests/test_endpoints.py - AttributeError: 'WorkerResponse' object has n...
!!!!!!!!!!!!!!!!!!! Interrupted: 1 error during collection !!!!!!!!!!!!!!!!!!!!
============================== 1 error in 14.29s ==============================
