============================= test session starts =============================
platform win32 -- Python 3.10.0, pytest-9.0.3, pluggy-1.6.0 -- C:\Users\NEW USER\AppData\Local\Programs\Python\Python310\python.exe
cachedir: .pytest_cache
rootdir: C:\Users\NEW USER\OneDrive\Desktop\Projects\hustle\backend
configfile: pytest.ini
plugins: anyio-4.13.0, asyncio-1.3.0
asyncio: mode=auto, debug=False, asyncio_default_fixture_loop_scope=None, asyncio_default_test_loop_scope=function
collecting ... collected 8 items

tests/test_app.py::test_health_live_and_metrics PASSED                   [ 12%]
tests/test_app.py::test_health_ready_reports_degraded_or_ready PASSED    [ 25%]
tests/test_app.py::test_predict_endpoint_returns_probability PASSED      [ 37%]
tests/test_app.py::test_match_endpoint_returns_sorted_matches FAILED     [ 50%]
tests/test_app.py::test_accept_match_endpoint FAILED                     [ 62%]
tests/test_app.py::test_match_history_endpoint FAILED                    [ 75%]
tests/test_app.py::test_feedback_endpoint FAILED                         [ 87%]
tests/test_app.py::test_analytics_endpoint FAILED                        [100%]

================================== FAILURES ===================================
_________________ test_match_endpoint_returns_sorted_matches __________________

client = <starlette.testclient.TestClient object at 0x000002A3FE3D5E40>

    def test_match_endpoint_returns_sorted_matches(client):
        payload = {
            "job": {
                "id": 1,
                "title": "Delivery",
                "description": "Deliver package",
                "required_skills": ["driving", "navigation"],
                "latitude": 40.0,
                "longitude": -74.0,
                "budget": 100.0,
                "urgency": 3,
            },
            "workers": [
                {
                    "id": 101,
                    "name": "Alice",
                    "skills": ["driving", "customer service"],
                    "distance_km": 4.2,
                    "skill_overlap": 0.5,
                    "rating": 4.8,
                    "completion_rate": 0.92,
                    "disputes": 0,
                    "verified": True,
                    "latitude": 40.01,
                    "longitude": -74.01,
                    "availability": 0.9,
                },
                {
                    "id": 102,
                    "name": "Bob",
                    "skills": ["navigation", "delivery"],
                    "distance_km": 7.3,
                    "skill_overlap": 0.75,
                    "rating": 4.2,
                    "completion_rate": 0.8,
                    "disputes": 1,
                    "verified": True,
                    "latitude": 40.05,
                    "longitude": -74.05,
                    "availability": 0.7,
                },
            ],
        }
    
>       response = client.post("/api/v1/match", json=payload)

tests\test_app.py:127: 
_ _ _ _ _ _ _ _ _ _ _ _ _ _ _ _ _ _ _ _ _ _ _ _ _ _ _ _ _ _ _ _ _ _ _ _ _ _ _ _
..\..\..\..\..\AppData\Local\Programs\Python\Python310\lib\site-packages\starlette\testclient.py:546: in post
    return super().post(
..\..\..\..\..\AppData\Local\Programs\Python\Python310\lib\site-packages\httpx\_client.py:1144: in post
    return self.request(
..\..\..\..\..\AppData\Local\Programs\Python\Python310\lib\site-packages\starlette\testclient.py:445: in request
    return super().request(
..\..\..\..\..\AppData\Local\Programs\Python\Python310\lib\site-packages\httpx\_client.py:825: in request
    return self.send(request, auth=auth, follow_redirects=follow_redirects)
..\..\..\..\..\AppData\Local\Programs\Python\Python310\lib\site-packages\httpx\_client.py:914: in send
    response = self._send_handling_auth(
..\..\..\..\..\AppData\Local\Programs\Python\Python310\lib\site-packages\httpx\_client.py:942: in _send_handling_auth
    response = self._send_handling_redirects(
..\..\..\..\..\AppData\Local\Programs\Python\Python310\lib\site-packages\httpx\_client.py:979: in _send_handling_redirects
    response = self._send_single_request(request)
..\..\..\..\..\AppData\Local\Programs\Python\Python310\lib\site-packages\httpx\_client.py:1014: in _send_single_request
    response = transport.handle_request(request)
..\..\..\..\..\AppData\Local\Programs\Python\Python310\lib\site-packages\starlette\testclient.py:348: in handle_request
    raise exc
..\..\..\..\..\AppData\Local\Programs\Python\Python310\lib\site-packages\starlette\testclient.py:345: in handle_request
    portal.call(self.app, scope, receive, send)
..\..\..\..\..\AppData\Local\Programs\Python\Python310\lib\site-packages\anyio\from_thread.py:334: in call
    return cast(T_Retval, self.start_task_soon(func, *args).result())
..\..\..\..\..\AppData\Local\Programs\Python\Python310\lib\concurrent\futures\_base.py:445: in result
    return self.__get_result()
..\..\..\..\..\AppData\Local\Programs\Python\Python310\lib\concurrent\futures\_base.py:390: in __get_result
    raise self._exception
..\..\..\..\..\AppData\Local\Programs\Python\Python310\lib\site-packages\anyio\from_thread.py:259: in _call_func
    retval = await retval_or_awaitable
..\..\..\..\..\AppData\Local\Programs\Python\Python310\lib\site-packages\fastapi\applications.py:1159: in __call__
    await super().__call__(scope, receive, send)
..\..\..\..\..\AppData\Local\Programs\Python\Python310\lib\site-packages\starlette\applications.py:107: in __call__
    await self.middleware_stack(scope, receive, send)
..\..\..\..\..\AppData\Local\Programs\Python\Python310\lib\site-packages\starlette\middleware\errors.py:186: in __call__
    raise exc
..\..\..\..\..\AppData\Local\Programs\Python\Python310\lib\site-packages\starlette\middleware\errors.py:164: in __call__
    await self.app(scope, receive, _send)
..\..\..\..\..\AppData\Local\Programs\Python\Python310\lib\site-packages\starlette\middleware\base.py:191: in __call__
    with recv_stream, send_stream, collapse_excgroups():
..\..\..\..\..\AppData\Local\Programs\Python\Python310\lib\contextlib.py:153: in __exit__
    self.gen.throw(typ, value, traceback)
..\..\..\..\..\AppData\Local\Programs\Python\Python310\lib\site-packages\starlette\_utils.py:87: in collapse_excgroups
    raise exc
..\..\..\..\..\AppData\Local\Programs\Python\Python310\lib\site-packages\starlette\middleware\base.py:193: in __call__
    response = await self.dispatch_func(request, call_next)
app\main.py:50: in log_requests
    return await request_timing_middleware(request, call_next)
app\core\middleware.py:10: in request_timing_middleware
    response = await call_next(request)
..\..\..\..\..\AppData\Local\Programs\Python\Python310\lib\site-packages\starlette\middleware\base.py:168: in call_next
    raise app_exc from app_exc.__cause__ or app_exc.__context__
..\..\..\..\..\AppData\Local\Programs\Python\Python310\lib\site-packages\starlette\middleware\base.py:144: in coro
    await self.app(scope, receive_or_disconnect, send_no_error)
..\..\..\..\..\AppData\Local\Programs\Python\Python310\lib\site-packages\starlette\middleware\cors.py:87: in __call__
    await self.app(scope, receive, send)
..\..\..\..\..\AppData\Local\Programs\Python\Python310\lib\site-packages\starlette\middleware\exceptions.py:63: in __call__
    await wrap_app_handling_exceptions(self.app, conn)(scope, receive, send)
..\..\..\..\..\AppData\Local\Programs\Python\Python310\lib\site-packages\starlette\_exception_handler.py:53: in wrapped_app
    raise exc
..\..\..\..\..\AppData\Local\Programs\Python\Python310\lib\site-packages\starlette\_exception_handler.py:42: in wrapped_app
    await app(scope, receive, sender)
..\..\..\..\..\AppData\Local\Programs\Python\Python310\lib\site-packages\fastapi\middleware\asyncexitstack.py:18: in __call__
    await self.app(scope, receive, send)
..\..\..\..\..\AppData\Local\Programs\Python\Python310\lib\site-packages\starlette\routing.py:716: in __call__
    await self.middleware_stack(scope, receive, send)
..\..\..\..\..\AppData\Local\Programs\Python\Python310\lib\site-packages\starlette\routing.py:736: in app
    await route.handle(scope, receive, send)
..\..\..\..\..\AppData\Local\Programs\Python\Python310\lib\site-packages\starlette\routing.py:290: in handle
    await self.app(scope, receive, send)
..\..\..\..\..\AppData\Local\Programs\Python\Python310\lib\site-packages\fastapi\routing.py:134: in app
    await wrap_app_handling_exceptions(app, request)(scope, receive, send)
..\..\..\..\..\AppData\Local\Programs\Python\Python310\lib\site-packages\starlette\_exception_handler.py:53: in wrapped_app
    raise exc
..\..\..\..\..\AppData\Local\Programs\Python\Python310\lib\site-packages\starlette\_exception_handler.py:42: in wrapped_app
    await app(scope, receive, sender)
..\..\..\..\..\AppData\Local\Programs\Python\Python310\lib\site-packages\fastapi\routing.py:120: in app
    response = await f(request)
..\..\..\..\..\AppData\Local\Programs\Python\Python310\lib\site-packages\fastapi\routing.py:674: in app
    raw_response = await run_endpoint_function(
..\..\..\..\..\AppData\Local\Programs\Python\Python310\lib\site-packages\fastapi\routing.py:328: in run_endpoint_function
    return await dependant.call(**values)
app\api\v1\endpoints\match.py:59: in match
    persisted = await persist_match_events(db, events)
app\services\event_logger.py:70: in persist_match_events
    logs = [
app\services\event_logger.py:71: in <listcomp>
    MatchLog(**asdict(event))
<string>:4: in __init__
    ???
..\..\..\..\..\AppData\Local\Programs\Python\Python310\lib\site-packages\sqlalchemy\orm\state.py:596: in _initialize_instance
    with util.safe_reraise():
..\..\..\..\..\AppData\Local\Programs\Python\Python310\lib\site-packages\sqlalchemy\util\langhelpers.py:121: in __exit__
    raise exc_value.with_traceback(exc_tb)
..\..\..\..\..\AppData\Local\Programs\Python\Python310\lib\site-packages\sqlalchemy\orm\state.py:594: in _initialize_instance
    manager.original_init(*mixed[1:], **kwargs)
_ _ _ _ _ _ _ _ _ _ _ _ _ _ _ _ _ _ _ _ _ _ _ _ _ _ _ _ _ _ _ _ _ _ _ _ _ _ _ _

self = <app.db.models.match_log.MatchLog object at 0x000002A3FE3AFA30>
kwargs = {'completion_risk_probability': 0.0, 'confidence': 0.8, 'final_score': 0.5559999999999999, 'job_id': UUID('00000000-0000-0000-0000-000000000001'), ...}
cls_ = <class 'app.db.models.match_log.MatchLog'>, k = 'confidence'

    def _declarative_constructor(self: Any, **kwargs: Any) -> None:
        """A simple constructor that allows initialization from kwargs.
    
        Sets attributes on the constructed instance using the names and
        values in ``kwargs``.
    
        Only keys that are present as
        attributes of the instance's class are allowed. These could be,
        for example, any mapped columns or relationships.
        """
        cls_ = type(self)
        for k in kwargs:
            if not hasattr(cls_, k):
>               raise TypeError(
                    "%r is an invalid keyword argument for %s" % (k, cls_.__name__)
                )
E               TypeError: 'confidence' is an invalid keyword argument for MatchLog

..\..\..\..\..\AppData\Local\Programs\Python\Python310\lib\site-packages\sqlalchemy\orm\decl_base.py:2179: TypeError
---------------------------- Captured stderr setup ----------------------------
2026-05-16 00:14:50,404 [INFO] app.main: Starting Hustle backend
2026-05-16 00:14:50,429 [INFO] app.db.init_db: ORM model metadata validated against the database.
----------------------------- Captured log setup ------------------------------
INFO     app.main:main.py:28 Starting Hustle backend
INFO     app.db.init_db:init_db.py:21 ORM model metadata validated against the database.
---------------------------- Captured stderr call -----------------------------
2026-05-16 00:14:50,444 [INFO] app.api.v1.endpoints.match: Matching job=1 against 2 workers
2026-05-16 00:14:50,445 [WARNING] app.ml.inference.acceptance_predictor: Acceptance model not found at C:\Users\NEW USER\OneDrive\Desktop\Projects\hustle\backend\app\ml\models\acceptance_model.joblib, using fallback
2026-05-16 00:14:50,445 [ERROR] app.ml.calibration: Failed to load Platt scaler: [Errno 2] No such file or directory: 'C:\\Users\\NEW USER\\OneDrive\\Desktop\\Projects\\hustle\\backend\\app\\ml\\models\\acceptance_calibration.joblib'
2026-05-16 00:14:50,445 [WARNING] app.ml.inference.risk_predictor: Risk model not found at C:\Users\NEW USER\OneDrive\Desktop\Projects\hustle\backend\app\ml\models\risk_model.joblib, using fallback
2026-05-16 00:14:50,445 [ERROR] app.ml.calibration: Failed to load Platt scaler: [Errno 2] No such file or directory: 'C:\\Users\\NEW USER\\OneDrive\\Desktop\\Projects\\hustle\\backend\\app\\ml\\models\\risk_calibration.joblib'
2026-05-16 00:14:50,446 [INFO] app.api.v1.endpoints.match: Ranked 2 workers for job=1
2026-05-16 00:14:50,517 [ERROR] app.main: Unhandled exception: 'confidence' is an invalid keyword argument for MatchLog
Traceback (most recent call last):
  File "C:\Users\NEW USER\AppData\Local\Programs\Python\Python310\lib\site-packages\starlette\middleware\errors.py", line 164, in __call__
    await self.app(scope, receive, _send)
  File "C:\Users\NEW USER\AppData\Local\Programs\Python\Python310\lib\site-packages\starlette\middleware\base.py", line 191, in __call__
    with recv_stream, send_stream, collapse_excgroups():
  File "C:\Users\NEW USER\AppData\Local\Programs\Python\Python310\lib\contextlib.py", line 153, in __exit__
    self.gen.throw(typ, value, traceback)
  File "C:\Users\NEW USER\AppData\Local\Programs\Python\Python310\lib\site-packages\starlette\_utils.py", line 87, in collapse_excgroups
    raise exc
  File "C:\Users\NEW USER\AppData\Local\Programs\Python\Python310\lib\site-packages\starlette\middleware\base.py", line 193, in __call__
    response = await self.dispatch_func(request, call_next)
  File "C:\Users\NEW USER\OneDrive\Desktop\Projects\hustle\backend\app\main.py", line 50, in log_requests
    return await request_timing_middleware(request, call_next)
  File "C:\Users\NEW USER\OneDrive\Desktop\Projects\hustle\backend\app\core\middleware.py", line 10, in request_timing_middleware
    response = await call_next(request)
  File "C:\Users\NEW USER\AppData\Local\Programs\Python\Python310\lib\site-packages\starlette\middleware\base.py", line 168, in call_next
    raise app_exc from app_exc.__cause__ or app_exc.__context__
  File "C:\Users\NEW USER\AppData\Local\Programs\Python\Python310\lib\site-packages\starlette\middleware\base.py", line 144, in coro
    await self.app(scope, receive_or_disconnect, send_no_error)
  File "C:\Users\NEW USER\AppData\Local\Programs\Python\Python310\lib\site-packages\starlette\middleware\cors.py", line 87, in __call__
    await self.app(scope, receive, send)
  File "C:\Users\NEW USER\AppData\Local\Programs\Python\Python310\lib\site-packages\starlette\middleware\exceptions.py", line 63, in __call__
    await wrap_app_handling_exceptions(self.app, conn)(scope, receive, send)
  File "C:\Users\NEW USER\AppData\Local\Programs\Python\Python310\lib\site-packages\starlette\_exception_handler.py", line 53, in wrapped_app
    raise exc
  File "C:\Users\NEW USER\AppData\Local\Programs\Python\Python310\lib\site-packages\starlette\_exception_handler.py", line 42, in wrapped_app
    await app(scope, receive, sender)
  File "C:\Users\NEW USER\AppData\Local\Programs\Python\Python310\lib\site-packages\fastapi\middleware\asyncexitstack.py", line 18, in __call__
    await self.app(scope, receive, send)
  File "C:\Users\NEW USER\AppData\Local\Programs\Python\Python310\lib\site-packages\starlette\routing.py", line 716, in __call__
    await self.middleware_stack(scope, receive, send)
  File "C:\Users\NEW USER\AppData\Local\Programs\Python\Python310\lib\site-packages\starlette\routing.py", line 736, in app
    await route.handle(scope, receive, send)
  File "C:\Users\NEW USER\AppData\Local\Programs\Python\Python310\lib\site-packages\starlette\routing.py", line 290, in handle
    await self.app(scope, receive, send)
  File "C:\Users\NEW USER\AppData\Local\Programs\Python\Python310\lib\site-packages\fastapi\routing.py", line 134, in app
    await wrap_app_handling_exceptions(app, request)(scope, receive, send)
  File "C:\Users\NEW USER\AppData\Local\Programs\Python\Python310\lib\site-packages\starlette\_exception_handler.py", line 53, in wrapped_app
    raise exc
  File "C:\Users\NEW USER\AppData\Local\Programs\Python\Python310\lib\site-packages\starlette\_exception_handler.py", line 42, in wrapped_app
    await app(scope, receive, sender)
  File "C:\Users\NEW USER\AppData\Local\Programs\Python\Python310\lib\site-packages\fastapi\routing.py", line 120, in app
    response = await f(request)
  File "C:\Users\NEW USER\AppData\Local\Programs\Python\Python310\lib\site-packages\fastapi\routing.py", line 674, in app
    raw_response = await run_endpoint_function(
  File "C:\Users\NEW USER\AppData\Local\Programs\Python\Python310\lib\site-packages\fastapi\routing.py", line 328, in run_endpoint_function
    return await dependant.call(**values)
  File "C:\Users\NEW USER\OneDrive\Desktop\Projects\hustle\backend\app\api\v1\endpoints\match.py", line 59, in match
    persisted = await persist_match_events(db, events)
  File "C:\Users\NEW USER\OneDrive\Desktop\Projects\hustle\backend\app\services\event_logger.py", line 70, in persist_match_events
    logs = [
  File "C:\Users\NEW USER\OneDrive\Desktop\Projects\hustle\backend\app\services\event_logger.py", line 71, in <listcomp>
    MatchLog(**asdict(event))
  File "<string>", line 4, in __init__
  File "C:\Users\NEW USER\AppData\Local\Programs\Python\Python310\lib\site-packages\sqlalchemy\orm\state.py", line 596, in _initialize_instance
    with util.safe_reraise():
  File "C:\Users\NEW USER\AppData\Local\Programs\Python\Python310\lib\site-packages\sqlalchemy\util\langhelpers.py", line 121, in __exit__
    raise exc_value.with_traceback(exc_tb)
  File "C:\Users\NEW USER\AppData\Local\Programs\Python\Python310\lib\site-packages\sqlalchemy\orm\state.py", line 594, in _initialize_instance
    manager.original_init(*mixed[1:], **kwargs)
  File "C:\Users\NEW USER\AppData\Local\Programs\Python\Python310\lib\site-packages\sqlalchemy\orm\decl_base.py", line 2179, in _declarative_constructor
    raise TypeError(
TypeError: 'confidence' is an invalid keyword argument for MatchLog
------------------------------ Captured log call ------------------------------
INFO     app.api.v1.endpoints.match:match.py:47 Matching job=1 against 2 workers
WARNING  app.ml.inference.acceptance_predictor:acceptance_predictor.py:41 Acceptance model not found at C:\Users\NEW USER\OneDrive\Desktop\Projects\hustle\backend\app\ml\models\acceptance_model.joblib, using fallback
ERROR    app.ml.calibration:__init__.py:111 Failed to load Platt scaler: [Errno 2] No such file or directory: 'C:\\Users\\NEW USER\\OneDrive\\Desktop\\Projects\\hustle\\backend\\app\\ml\\models\\acceptance_calibration.joblib'
WARNING  app.ml.inference.risk_predictor:risk_predictor.py:41 Risk model not found at C:\Users\NEW USER\OneDrive\Desktop\Projects\hustle\backend\app\ml\models\risk_model.joblib, using fallback
ERROR    app.ml.calibration:__init__.py:111 Failed to load Platt scaler: [Errno 2] No such file or directory: 'C:\\Users\\NEW USER\\OneDrive\\Desktop\\Projects\\hustle\\backend\\app\\ml\\models\\risk_calibration.joblib'
INFO     app.api.v1.endpoints.match:match.py:51 Ranked 2 workers for job=1
ERROR    app.main:main.py:81 Unhandled exception: 'confidence' is an invalid keyword argument for MatchLog
Traceback (most recent call last):
  File "C:\Users\NEW USER\AppData\Local\Programs\Python\Python310\lib\site-packages\starlette\middleware\errors.py", line 164, in __call__
    await self.app(scope, receive, _send)
  File "C:\Users\NEW USER\AppData\Local\Programs\Python\Python310\lib\site-packages\starlette\middleware\base.py", line 191, in __call__
    with recv_stream, send_stream, collapse_excgroups():
  File "C:\Users\NEW USER\AppData\Local\Programs\Python\Python310\lib\contextlib.py", line 153, in __exit__
    self.gen.throw(typ, value, traceback)
  File "C:\Users\NEW USER\AppData\Local\Programs\Python\Python310\lib\site-packages\starlette\_utils.py", line 87, in collapse_excgroups
    raise exc
  File "C:\Users\NEW USER\AppData\Local\Programs\Python\Python310\lib\site-packages\starlette\middleware\base.py", line 193, in __call__
    response = await self.dispatch_func(request, call_next)
  File "C:\Users\NEW USER\OneDrive\Desktop\Projects\hustle\backend\app\main.py", line 50, in log_requests
    return await request_timing_middleware(request, call_next)
  File "C:\Users\NEW USER\OneDrive\Desktop\Projects\hustle\backend\app\core\middleware.py", line 10, in request_timing_middleware
    response = await call_next(request)
  File "C:\Users\NEW USER\AppData\Local\Programs\Python\Python310\lib\site-packages\starlette\middleware\base.py", line 168, in call_next
    raise app_exc from app_exc.__cause__ or app_exc.__context__
  File "C:\Users\NEW USER\AppData\Local\Programs\Python\Python310\lib\site-packages\starlette\middleware\base.py", line 144, in coro
    await self.app(scope, receive_or_disconnect, send_no_error)
  File "C:\Users\NEW USER\AppData\Local\Programs\Python\Python310\lib\site-packages\starlette\middleware\cors.py", line 87, in __call__
    await self.app(scope, receive, send)
  File "C:\Users\NEW USER\AppData\Local\Programs\Python\Python310\lib\site-packages\starlette\middleware\exceptions.py", line 63, in __call__
    await wrap_app_handling_exceptions(self.app, conn)(scope, receive, send)
  File "C:\Users\NEW USER\AppData\Local\Programs\Python\Python310\lib\site-packages\starlette\_exception_handler.py", line 53, in wrapped_app
    raise exc
  File "C:\Users\NEW USER\AppData\Local\Programs\Python\Python310\lib\site-packages\starlette\_exception_handler.py", line 42, in wrapped_app
    await app(scope, receive, sender)
  File "C:\Users\NEW USER\AppData\Local\Programs\Python\Python310\lib\site-packages\fastapi\middleware\asyncexitstack.py", line 18, in __call__
    await self.app(scope, receive, send)
  File "C:\Users\NEW USER\AppData\Local\Programs\Python\Python310\lib\site-packages\starlette\routing.py", line 716, in __call__
    await self.middleware_stack(scope, receive, send)
  File "C:\Users\NEW USER\AppData\Local\Programs\Python\Python310\lib\site-packages\starlette\routing.py", line 736, in app
    await route.handle(scope, receive, send)
  File "C:\Users\NEW USER\AppData\Local\Programs\Python\Python310\lib\site-packages\starlette\routing.py", line 290, in handle
    await self.app(scope, receive, send)
  File "C:\Users\NEW USER\AppData\Local\Programs\Python\Python310\lib\site-packages\fastapi\routing.py", line 134, in app
    await wrap_app_handling_exceptions(app, request)(scope, receive, send)
  File "C:\Users\NEW USER\AppData\Local\Programs\Python\Python310\lib\site-packages\starlette\_exception_handler.py", line 53, in wrapped_app
    raise exc
  File "C:\Users\NEW USER\AppData\Local\Programs\Python\Python310\lib\site-packages\starlette\_exception_handler.py", line 42, in wrapped_app
    await app(scope, receive, sender)
  File "C:\Users\NEW USER\AppData\Local\Programs\Python\Python310\lib\site-packages\fastapi\routing.py", line 120, in app
    response = await f(request)
  File "C:\Users\NEW USER\AppData\Local\Programs\Python\Python310\lib\site-packages\fastapi\routing.py", line 674, in app
    raw_response = await run_endpoint_function(
  File "C:\Users\NEW USER\AppData\Local\Programs\Python\Python310\lib\site-packages\fastapi\routing.py", line 328, in run_endpoint_function
    return await dependant.call(**values)
  File "C:\Users\NEW USER\OneDrive\Desktop\Projects\hustle\backend\app\api\v1\endpoints\match.py", line 59, in match
    persisted = await persist_match_events(db, events)
  File "C:\Users\NEW USER\OneDrive\Desktop\Projects\hustle\backend\app\services\event_logger.py", line 70, in persist_match_events
    logs = [
  File "C:\Users\NEW USER\OneDrive\Desktop\Projects\hustle\backend\app\services\event_logger.py", line 71, in <listcomp>
    MatchLog(**asdict(event))
  File "<string>", line 4, in __init__
  File "C:\Users\NEW USER\AppData\Local\Programs\Python\Python310\lib\site-packages\sqlalchemy\orm\state.py", line 596, in _initialize_instance
    with util.safe_reraise():
  File "C:\Users\NEW USER\AppData\Local\Programs\Python\Python310\lib\site-packages\sqlalchemy\util\langhelpers.py", line 121, in __exit__
    raise exc_value.with_traceback(exc_tb)
  File "C:\Users\NEW USER\AppData\Local\Programs\Python\Python310\lib\site-packages\sqlalchemy\orm\state.py", line 594, in _initialize_instance
    manager.original_init(*mixed[1:], **kwargs)
  File "C:\Users\NEW USER\AppData\Local\Programs\Python\Python310\lib\site-packages\sqlalchemy\orm\decl_base.py", line 2179, in _declarative_constructor
    raise TypeError(
TypeError: 'confidence' is an invalid keyword argument for MatchLog
-------------------------- Captured stderr teardown ---------------------------
2026-05-16 00:14:54,986 [INFO] app.main: Shutting down Hustle backend
---------------------------- Captured log teardown ----------------------------
INFO     app.main:main.py:31 Shutting down Hustle backend
_________________________ test_accept_match_endpoint __________________________

db_session = <sqlalchemy.ext.asyncio.session.AsyncSession object at 0x000002A3FE3D77C0>

    @pytest.mark.asyncio
    async def test_accept_match_endpoint(db_session):
        from app.api.v1.endpoints.match import match, accept_match
        from app.schemas.match import MatchRequest, AcceptMatchRequest
    
        payload = build_match_payload()
        match_req = MatchRequest(**payload)
>       result = await match(match_req, db_session)

tests\test_app.py:145: 
_ _ _ _ _ _ _ _ _ _ _ _ _ _ _ _ _ _ _ _ _ _ _ _ _ _ _ _ _ _ _ _ _ _ _ _ _ _ _ _
app\api\v1\endpoints\match.py:59: in match
    persisted = await persist_match_events(db, events)
app\services\event_logger.py:70: in persist_match_events
    logs = [
app\services\event_logger.py:71: in <listcomp>
    MatchLog(**asdict(event))
<string>:4: in __init__
    ???
..\..\..\..\..\AppData\Local\Programs\Python\Python310\lib\site-packages\sqlalchemy\orm\state.py:596: in _initialize_instance
    with util.safe_reraise():
..\..\..\..\..\AppData\Local\Programs\Python\Python310\lib\site-packages\sqlalchemy\util\langhelpers.py:121: in __exit__
    raise exc_value.with_traceback(exc_tb)
..\..\..\..\..\AppData\Local\Programs\Python\Python310\lib\site-packages\sqlalchemy\orm\state.py:594: in _initialize_instance
    manager.original_init(*mixed[1:], **kwargs)
_ _ _ _ _ _ _ _ _ _ _ _ _ _ _ _ _ _ _ _ _ _ _ _ _ _ _ _ _ _ _ _ _ _ _ _ _ _ _ _

self = <app.db.models.match_log.MatchLog object at 0x000002A3FF1C39D0>
kwargs = {'completion_risk_probability': 0.0, 'confidence': 0.8, 'final_score': 0.5559999999999999, 'job_id': UUID('00000000-0000-0000-0000-000000000001'), ...}
cls_ = <class 'app.db.models.match_log.MatchLog'>, k = 'confidence'

    def _declarative_constructor(self: Any, **kwargs: Any) -> None:
        """A simple constructor that allows initialization from kwargs.
    
        Sets attributes on the constructed instance using the names and
        values in ``kwargs``.
    
        Only keys that are present as
        attributes of the instance's class are allowed. These could be,
        for example, any mapped columns or relationships.
        """
        cls_ = type(self)
        for k in kwargs:
            if not hasattr(cls_, k):
>               raise TypeError(
                    "%r is an invalid keyword argument for %s" % (k, cls_.__name__)
                )
E               TypeError: 'confidence' is an invalid keyword argument for MatchLog

..\..\..\..\..\AppData\Local\Programs\Python\Python310\lib\site-packages\sqlalchemy\orm\decl_base.py:2179: TypeError
---------------------------- Captured stderr call -----------------------------
2026-05-16 00:14:55,004 [INFO] app.api.v1.endpoints.match: Matching job=1 against 2 workers
2026-05-16 00:14:55,012 [WARNING] app.ml.inference.acceptance_predictor: Acceptance model not found at C:\Users\NEW USER\OneDrive\Desktop\Projects\hustle\backend\app\ml\models\acceptance_model.joblib, using fallback
2026-05-16 00:14:55,013 [ERROR] app.ml.calibration: Failed to load Platt scaler: [Errno 2] No such file or directory: 'C:\\Users\\NEW USER\\OneDrive\\Desktop\\Projects\\hustle\\backend\\app\\ml\\models\\acceptance_calibration.joblib'
2026-05-16 00:14:55,013 [WARNING] app.ml.inference.risk_predictor: Risk model not found at C:\Users\NEW USER\OneDrive\Desktop\Projects\hustle\backend\app\ml\models\risk_model.joblib, using fallback
2026-05-16 00:14:55,014 [ERROR] app.ml.calibration: Failed to load Platt scaler: [Errno 2] No such file or directory: 'C:\\Users\\NEW USER\\OneDrive\\Desktop\\Projects\\hustle\\backend\\app\\ml\\models\\risk_calibration.joblib'
2026-05-16 00:14:55,014 [INFO] app.api.v1.endpoints.match: Ranked 2 workers for job=1
------------------------------ Captured log call ------------------------------
INFO     app.api.v1.endpoints.match:match.py:47 Matching job=1 against 2 workers
WARNING  app.ml.inference.acceptance_predictor:acceptance_predictor.py:41 Acceptance model not found at C:\Users\NEW USER\OneDrive\Desktop\Projects\hustle\backend\app\ml\models\acceptance_model.joblib, using fallback
ERROR    app.ml.calibration:__init__.py:111 Failed to load Platt scaler: [Errno 2] No such file or directory: 'C:\\Users\\NEW USER\\OneDrive\\Desktop\\Projects\\hustle\\backend\\app\\ml\\models\\acceptance_calibration.joblib'
WARNING  app.ml.inference.risk_predictor:risk_predictor.py:41 Risk model not found at C:\Users\NEW USER\OneDrive\Desktop\Projects\hustle\backend\app\ml\models\risk_model.joblib, using fallback
ERROR    app.ml.calibration:__init__.py:111 Failed to load Platt scaler: [Errno 2] No such file or directory: 'C:\\Users\\NEW USER\\OneDrive\\Desktop\\Projects\\hustle\\backend\\app\\ml\\models\\risk_calibration.joblib'
INFO     app.api.v1.endpoints.match:match.py:51 Ranked 2 workers for job=1
_________________________ test_match_history_endpoint _________________________

db_session = <sqlalchemy.ext.asyncio.session.AsyncSession object at 0x000002A3FE3D5F30>

    @pytest.mark.asyncio
    async def test_match_history_endpoint(db_session):
        from app.api.v1.endpoints.match import match, get_match_history
        from app.schemas.match import MatchRequest
    
        payload = build_match_payload()
        match_req = MatchRequest(**payload)
>       await match(match_req, db_session)

tests\test_app.py:160: 
_ _ _ _ _ _ _ _ _ _ _ _ _ _ _ _ _ _ _ _ _ _ _ _ _ _ _ _ _ _ _ _ _ _ _ _ _ _ _ _
app\api\v1\endpoints\match.py:59: in match
    persisted = await persist_match_events(db, events)
app\services\event_logger.py:70: in persist_match_events
    logs = [
app\services\event_logger.py:71: in <listcomp>
    MatchLog(**asdict(event))
<string>:4: in __init__
    ???
..\..\..\..\..\AppData\Local\Programs\Python\Python310\lib\site-packages\sqlalchemy\orm\state.py:596: in _initialize_instance
    with util.safe_reraise():
..\..\..\..\..\AppData\Local\Programs\Python\Python310\lib\site-packages\sqlalchemy\util\langhelpers.py:121: in __exit__
    raise exc_value.with_traceback(exc_tb)
..\..\..\..\..\AppData\Local\Programs\Python\Python310\lib\site-packages\sqlalchemy\orm\state.py:594: in _initialize_instance
    manager.original_init(*mixed[1:], **kwargs)
_ _ _ _ _ _ _ _ _ _ _ _ _ _ _ _ _ _ _ _ _ _ _ _ _ _ _ _ _ _ _ _ _ _ _ _ _ _ _ _

self = <app.db.models.match_log.MatchLog object at 0x000002A3FE3D6440>
kwargs = {'completion_risk_probability': 0.0, 'confidence': 0.8, 'final_score': 0.5559999999999999, 'job_id': UUID('00000000-0000-0000-0000-000000000001'), ...}
cls_ = <class 'app.db.models.match_log.MatchLog'>, k = 'confidence'

    def _declarative_constructor(self: Any, **kwargs: Any) -> None:
        """A simple constructor that allows initialization from kwargs.
    
        Sets attributes on the constructed instance using the names and
        values in ``kwargs``.
    
        Only keys that are present as
        attributes of the instance's class are allowed. These could be,
        for example, any mapped columns or relationships.
        """
        cls_ = type(self)
        for k in kwargs:
            if not hasattr(cls_, k):
>               raise TypeError(
                    "%r is an invalid keyword argument for %s" % (k, cls_.__name__)
                )
E               TypeError: 'confidence' is an invalid keyword argument for MatchLog

..\..\..\..\..\AppData\Local\Programs\Python\Python310\lib\site-packages\sqlalchemy\orm\decl_base.py:2179: TypeError
---------------------------- Captured stderr call -----------------------------
2026-05-16 00:14:55,574 [INFO] app.api.v1.endpoints.match: Matching job=1 against 2 workers
2026-05-16 00:14:55,575 [WARNING] app.ml.inference.acceptance_predictor: Acceptance model not found at C:\Users\NEW USER\OneDrive\Desktop\Projects\hustle\backend\app\ml\models\acceptance_model.joblib, using fallback
2026-05-16 00:14:55,575 [ERROR] app.ml.calibration: Failed to load Platt scaler: [Errno 2] No such file or directory: 'C:\\Users\\NEW USER\\OneDrive\\Desktop\\Projects\\hustle\\backend\\app\\ml\\models\\acceptance_calibration.joblib'
2026-05-16 00:14:55,576 [WARNING] app.ml.inference.risk_predictor: Risk model not found at C:\Users\NEW USER\OneDrive\Desktop\Projects\hustle\backend\app\ml\models\risk_model.joblib, using fallback
2026-05-16 00:14:55,576 [ERROR] app.ml.calibration: Failed to load Platt scaler: [Errno 2] No such file or directory: 'C:\\Users\\NEW USER\\OneDrive\\Desktop\\Projects\\hustle\\backend\\app\\ml\\models\\risk_calibration.joblib'
2026-05-16 00:14:55,576 [INFO] app.api.v1.endpoints.match: Ranked 2 workers for job=1
------------------------------ Captured log call ------------------------------
INFO     app.api.v1.endpoints.match:match.py:47 Matching job=1 against 2 workers
WARNING  app.ml.inference.acceptance_predictor:acceptance_predictor.py:41 Acceptance model not found at C:\Users\NEW USER\OneDrive\Desktop\Projects\hustle\backend\app\ml\models\acceptance_model.joblib, using fallback
ERROR    app.ml.calibration:__init__.py:111 Failed to load Platt scaler: [Errno 2] No such file or directory: 'C:\\Users\\NEW USER\\OneDrive\\Desktop\\Projects\\hustle\\backend\\app\\ml\\models\\acceptance_calibration.joblib'
WARNING  app.ml.inference.risk_predictor:risk_predictor.py:41 Risk model not found at C:\Users\NEW USER\OneDrive\Desktop\Projects\hustle\backend\app\ml\models\risk_model.joblib, using fallback
ERROR    app.ml.calibration:__init__.py:111 Failed to load Platt scaler: [Errno 2] No such file or directory: 'C:\\Users\\NEW USER\\OneDrive\\Desktop\\Projects\\hustle\\backend\\app\\ml\\models\\risk_calibration.joblib'
INFO     app.api.v1.endpoints.match:match.py:51 Ranked 2 workers for job=1
___________________________ test_feedback_endpoint ____________________________

db_session = <sqlalchemy.ext.asyncio.session.AsyncSession object at 0x000002A3FEC8FE20>

    @pytest.mark.asyncio
    async def test_feedback_endpoint(db_session):
        from app.api.v1.endpoints.match import match, accept_match
        from app.api.v1.endpoints.feedback import submit_feedback
        from app.schemas.match import MatchRequest, AcceptMatchRequest
        from app.schemas.feedback import FeedbackRequest
    
        payload = build_match_payload()
        match_req = MatchRequest(**payload)
>       result = await match(match_req, db_session)

tests\test_app.py:176: 
_ _ _ _ _ _ _ _ _ _ _ _ _ _ _ _ _ _ _ _ _ _ _ _ _ _ _ _ _ _ _ _ _ _ _ _ _ _ _ _
app\api\v1\endpoints\match.py:59: in match
    persisted = await persist_match_events(db, events)
app\services\event_logger.py:70: in persist_match_events
    logs = [
app\services\event_logger.py:71: in <listcomp>
    MatchLog(**asdict(event))
<string>:4: in __init__
    ???
..\..\..\..\..\AppData\Local\Programs\Python\Python310\lib\site-packages\sqlalchemy\orm\state.py:596: in _initialize_instance
    with util.safe_reraise():
..\..\..\..\..\AppData\Local\Programs\Python\Python310\lib\site-packages\sqlalchemy\util\langhelpers.py:121: in __exit__
    raise exc_value.with_traceback(exc_tb)
..\..\..\..\..\AppData\Local\Programs\Python\Python310\lib\site-packages\sqlalchemy\orm\state.py:594: in _initialize_instance
    manager.original_init(*mixed[1:], **kwargs)
_ _ _ _ _ _ _ _ _ _ _ _ _ _ _ _ _ _ _ _ _ _ _ _ _ _ _ _ _ _ _ _ _ _ _ _ _ _ _ _

self = <app.db.models.match_log.MatchLog object at 0x000002A3FEC8FB50>
kwargs = {'completion_risk_probability': 0.0, 'confidence': 0.8, 'final_score': 0.5559999999999999, 'job_id': UUID('00000000-0000-0000-0000-000000000001'), ...}
cls_ = <class 'app.db.models.match_log.MatchLog'>, k = 'confidence'

    def _declarative_constructor(self: Any, **kwargs: Any) -> None:
        """A simple constructor that allows initialization from kwargs.
    
        Sets attributes on the constructed instance using the names and
        values in ``kwargs``.
    
        Only keys that are present as
        attributes of the instance's class are allowed. These could be,
        for example, any mapped columns or relationships.
        """
        cls_ = type(self)
        for k in kwargs:
            if not hasattr(cls_, k):
>               raise TypeError(
                    "%r is an invalid keyword argument for %s" % (k, cls_.__name__)
                )
E               TypeError: 'confidence' is an invalid keyword argument for MatchLog

..\..\..\..\..\AppData\Local\Programs\Python\Python310\lib\site-packages\sqlalchemy\orm\decl_base.py:2179: TypeError
---------------------------- Captured stderr call -----------------------------
2026-05-16 00:14:55,968 [INFO] app.api.v1.endpoints.match: Matching job=1 against 2 workers
2026-05-16 00:14:55,969 [WARNING] app.ml.inference.acceptance_predictor: Acceptance model not found at C:\Users\NEW USER\OneDrive\Desktop\Projects\hustle\backend\app\ml\models\acceptance_model.joblib, using fallback
2026-05-16 00:14:55,970 [ERROR] app.ml.calibration: Failed to load Platt scaler: [Errno 2] No such file or directory: 'C:\\Users\\NEW USER\\OneDrive\\Desktop\\Projects\\hustle\\backend\\app\\ml\\models\\acceptance_calibration.joblib'
2026-05-16 00:14:55,970 [WARNING] app.ml.inference.risk_predictor: Risk model not found at C:\Users\NEW USER\OneDrive\Desktop\Projects\hustle\backend\app\ml\models\risk_model.joblib, using fallback
2026-05-16 00:14:55,970 [ERROR] app.ml.calibration: Failed to load Platt scaler: [Errno 2] No such file or directory: 'C:\\Users\\NEW USER\\OneDrive\\Desktop\\Projects\\hustle\\backend\\app\\ml\\models\\risk_calibration.joblib'
2026-05-16 00:14:55,971 [INFO] app.api.v1.endpoints.match: Ranked 2 workers for job=1
------------------------------ Captured log call ------------------------------
INFO     app.api.v1.endpoints.match:match.py:47 Matching job=1 against 2 workers
WARNING  app.ml.inference.acceptance_predictor:acceptance_predictor.py:41 Acceptance model not found at C:\Users\NEW USER\OneDrive\Desktop\Projects\hustle\backend\app\ml\models\acceptance_model.joblib, using fallback
ERROR    app.ml.calibration:__init__.py:111 Failed to load Platt scaler: [Errno 2] No such file or directory: 'C:\\Users\\NEW USER\\OneDrive\\Desktop\\Projects\\hustle\\backend\\app\\ml\\models\\acceptance_calibration.joblib'
WARNING  app.ml.inference.risk_predictor:risk_predictor.py:41 Risk model not found at C:\Users\NEW USER\OneDrive\Desktop\Projects\hustle\backend\app\ml\models\risk_model.joblib, using fallback
ERROR    app.ml.calibration:__init__.py:111 Failed to load Platt scaler: [Errno 2] No such file or directory: 'C:\\Users\\NEW USER\\OneDrive\\Desktop\\Projects\\hustle\\backend\\app\\ml\\models\\risk_calibration.joblib'
INFO     app.api.v1.endpoints.match:match.py:51 Ranked 2 workers for job=1
___________________________ test_analytics_endpoint ___________________________

client = <starlette.testclient.TestClient object at 0x000002A3FE430820>

    def test_analytics_endpoint(client):
        response = client.get("/api/v1/analytics/matches")
        assert response.status_code == 200
        result = response.json()
        assert "total_matches" in result
        assert "average_match_score" in result
        assert "acceptance_rate" in result
>       assert "completion_rate" in result
E       AssertionError: assert 'completion_rate' in {'acceptance_rate': 0.0, 'average_match_score': 0.0, 'completed_matches': 0, 'disputed_matches': 0, ...}

tests\test_app.py:201: AssertionError
---------------------------- Captured stderr setup ----------------------------
2026-05-16 00:14:56,374 [INFO] app.main: Starting Hustle backend
2026-05-16 00:14:56,406 [INFO] app.db.init_db: ORM model metadata validated against the database.
----------------------------- Captured log setup ------------------------------
INFO     app.main:main.py:28 Starting Hustle backend
INFO     app.db.init_db:init_db.py:21 ORM model metadata validated against the database.
---------------------------- Captured stderr call -----------------------------
2026-05-16 00:14:56,426 [INFO] app.api.v1.endpoints.analytics: Retrieving match analytics
2026-05-16 00:14:56,442 [INFO] app.core.middleware: GET /api/v1/analytics/matches 200 22.95ms
2026-05-16 00:14:56,445 [INFO] httpx: HTTP Request: GET http://testserver/api/v1/analytics/matches "HTTP/1.1 200 OK"
------------------------------ Captured log call ------------------------------
INFO     app.api.v1.endpoints.analytics:analytics.py:37 Retrieving match analytics
INFO     app.core.middleware:middleware.py:13 GET /api/v1/analytics/matches 200 22.95ms
INFO     httpx:_client.py:1025 HTTP Request: GET http://testserver/api/v1/analytics/matches "HTTP/1.1 200 OK"
-------------------------- Captured stderr teardown ---------------------------
2026-05-16 00:14:56,475 [INFO] app.main: Shutting down Hustle backend
---------------------------- Captured log teardown ----------------------------
INFO     app.main:main.py:31 Shutting down Hustle backend
=========================== short test summary info ===========================
FAILED tests/test_app.py::test_match_endpoint_returns_sorted_matches - TypeEr...
FAILED tests/test_app.py::test_accept_match_endpoint - TypeError: 'confidence...
FAILED tests/test_app.py::test_match_history_endpoint - TypeError: 'confidenc...
FAILED tests/test_app.py::test_feedback_endpoint - TypeError: 'confidence' is...
FAILED tests/test_app.py::test_analytics_endpoint - AssertionError: assert 'c...
========================= 5 failed, 3 passed in 7.68s =========================
